[Sun Apr 12 09:05:40 2026] PHP 8.3.6 Development Server (http://localhost:8000) started
[Sun Apr 12 09:05:44 2026] [::1]:34838 Accepted
[Sun Apr 12 09:05:44 2026] [::1]:34838 [200]: GET /
[Sun Apr 12 09:05:44 2026] [::1]:34838 Closing
[Sun Apr 12 09:05:44 2026] [::1]:34846 Accepted
[Sun Apr 12 09:05:44 2026] [::1]:34848 Accepted
[Sun Apr 12 09:05:44 2026] [::1]:34846 [200]: GET /css/style.css
[Sun Apr 12 09:05:44 2026] [::1]:34848 [200]: GET /js/script.js
[Sun Apr 12 09:05:44 2026] [::1]:34846 Closing
[Sun Apr 12 09:05:44 2026] [::1]:34848 Closing
[Sun Apr 12 09:05:47 2026] [::1]:34860 Accepted
[Sun Apr 12 09:05:47 2026] [::1]:34860 [200]: GET /admin/signup.php
[Sun Apr 12 09:05:47 2026] [::1]:34860 Closing
[Sun Apr 12 09:05:47 2026] [::1]:34866 Accepted
[Sun Apr 12 09:05:47 2026] [::1]:34866 [200]: GET /css/style.css
[Sun Apr 12 09:05:47 2026] [::1]:34866 Closing
[Sun Apr 12 09:07:45 2026] [::1]:43874 Accepted
[Sun Apr 12 09:07:45 2026] [::1]:43874 [200]: GET /
[Sun Apr 12 09:07:45 2026] [::1]:43874 Closing
[Sun Apr 12 09:07:45 2026] [::1]:43888 Accepted
[Sun Apr 12 09:07:45 2026] [::1]:43888 [200]: GET /css/style.css
[Sun Apr 12 09:07:45 2026] [::1]:43888 Closing
[Sun Apr 12 09:07:45 2026] [::1]:43892 Accepted
[Sun Apr 12 09:07:45 2026] [::1]:43892 [200]: GET /js/script.js
[Sun Apr 12 09:07:45 2026] [::1]:43892 Closing
[Sun Apr 12 09:07:47 2026] [::1]:43904 Accepted
[Sun Apr 12 09:07:47 2026] [::1]:43904 [200]: GET /admin/signup.php
[Sun Apr 12 09:07:47 2026] [::1]:43904 Closing
[Sun Apr 12 09:07:47 2026] [::1]:43918 Accepted
[Sun Apr 12 09:07:47 2026] [::1]:43918 [200]: GET /css/style.css
[Sun Apr 12 09:07:47 2026] [::1]:43918 Closing
[Sun Apr 12 09:07:49 2026] [::1]:43922 Accepted
[Sun Apr 12 09:07:49 2026] [::1]:43922 [302]: POST /admin/signup.php
[Sun Apr 12 09:07:49 2026] [::1]:43922 Closing
[Sun Apr 12 09:07:49 2026] [::1]:43930 Accepted
[Sun Apr 12 09:07:49 2026] [::1]:43930 [200]: GET /admin/dashboard.php
[Sun Apr 12 09:07:49 2026] [::1]:43930 Closing
[Sun Apr 12 09:07:49 2026] [::1]:43936 Accepted
[Sun Apr 12 09:07:49 2026] [::1]:43936 [200]: GET /css/style.css
[Sun Apr 12 09:07:49 2026] [::1]:43936 Closing
[Sun Apr 12 09:07:49 2026] [::1]:43948 Accepted
[Sun Apr 12 09:07:49 2026] [::1]:43948 [200]: GET /images/hero-bg.png
[Sun Apr 12 09:07:49 2026] [::1]:43948 Closing
